// Jest Snapshot v1, https://goo.gl/fbAQLP

exports[`<Main /> should render the heading 1`] = `
<main
  class="styles__Wrapper-sc-dzx1ao-0 fgOoti"
>
  <img
    alt="Imagem de um átomo e React avançado escrito ao lado."
    class="styles__Logo-sc-dzx1ao-1 dwiHcF"
    src="/images/logo.svg"
  />
  <h1
    class="styles__Title-sc-dzx1ao-2 hBQRUr"
  >
    React Avançado
  </h1>
  <h2
    class="styles__Description-sc-dzx1ao-3 ifTPPX"
  >
    TypeScript, ReactJS, NextJS e Styled Components
  </h2>
  <img
    alt="Um desenvolvedor de frente para um tela com código"
    class="styles__Illustration-sc-dzx1ao-4 dbHwHR"
    src="/images/hero-illustration.svg"
  />
</main>
`
